$ tsc && e2e-build $npm_package_name
vite v8.1.5 building client environment for production...
[2Ktransforming...🐵-patched `src/index.[jt]sx`
🐵-patched <Canvas> in `src/App.[jt]sx` with CheesyCanvas
✓ 588 modules transformed.
rendering chunks...
computing gzip size...
dist/index.html                     0.52 kB │ gzip:     0.31 kB
dist/assets/axe-D14ZW719.glb        4.32 kB
dist/assets/grass-DWNvRbWK.jpg     20.48 kB
dist/assets/dirt-uWVnR-vu.jpg      24.01 kB
dist/assets/index-BNPgzsvl.css      2.19 kB │ gzip:     0.85 kB
dist/assets/index-BBCysZ0W.js   3,373.77 kB │ gzip: 1,160.05 kB

[plugin builtin:vite-reporter] 
(!) Some chunks are larger than 500 kB after minification. Consider:
- Using dynamic import() to code-split the application
- Use build.rolldownOptions.output.codeSplitting to improve chunking: https://rolldown.rs/reference/OutputOptions.codeSplitting
- Adjust chunk size limit for this warning via build.chunkSizeWarningLimit.
✓ built in 1.03s
Build completed successfully.
